// Jest Snapshot v1, https://goo.gl/fbAQLP

exports[`Main app renders consistently 1`] = `<Connect(HomeContainer) />`;
